// Jest Snapshot v1, https://goo.gl/fbAQLP

exports[`should parse i18next format correctly: i18next-parse-example 1`] = `
Object {
  "contexts": Map {
    "box" => Map {
      "orange" => Object {
        "interpolations": Map {
          "count" => Array [
            Array [
              24,
              27,
            ],
            TokenObject {
              "end": -1,
              "flags": 8,
              "kind": 149,
              "modifierFlagsCache": 0,
              "parent": undefined,
              "pos": -1,
              "transformFlags": 1,
            },
            true,
          ],
        },
        "position": Array [
          24,
          4,
        ],
        "tags": Map {},
        "type": "key",
        "value": "{{count}} orange boxes",
        "value_position": Array [
          24,
          24,
        ],
      },
      "blue" => Object {
        "interpolations": Map {
          "count" => Array [
            Array [
              26,
              25,
            ],
            TokenObject {
              "end": -1,
              "flags": 8,
              "kind": 149,
              "modifierFlagsCache": 0,
              "parent": undefined,
              "pos": -1,
              "transformFlags": 1,
            },
            true,
          ],
        },
        "position": Array [
          26,
          4,
        ],
        "tags": Map {},
        "type": "key",
        "value": "{{count}} blue boxes",
        "value_position": Array [
          26,
          22,
        ],
      },
    },
  },
  "plurals": Map {
    "box" => Map {
      "zero" => Object {
        "interpolations": Map {},
        "position": Array [
          20,
          4,
        ],
        "tags": Map {},
        "type": "key",
        "value": "No box",
        "value_position": Array [
          20,
          16,
        ],
      },
      "one" => Object {
        "interpolations": Map {},
        "position": Array [
          25,
          4,
        ],
        "tags": Map {},
        "type": "key",
        "value": "1 blue box",
        "value_position": Array [
          25,
          20,
        ],
      },
      "other" => Object {
        "interpolations": Map {
          "count" => Array [
            Array [
              26,
              25,
            ],
            TokenObject {
              "end": -1,
              "flags": 8,
              "kind": 149,
              "modifierFlagsCache": 0,
              "parent": undefined,
              "pos": -1,
              "transformFlags": 1,
            },
            true,
          ],
        },
        "position": Array [
          26,
          4,
        ],
        "tags": Map {},
        "type": "key",
        "value": "{{count}} blue boxes",
        "value_position": Array [
          26,
          22,
        ],
      },
    },
    "mergeProps" => Map {
      "other" => Object {
        "interpolations": Map {
          "x" => Array [
            Array [
              29,
              27,
            ],
            NodeObject {
              "end": -1,
              "flags": 8,
              "kind": 181,
              "members": Array [
                NodeObject {
                  "decorators": undefined,
                  "end": -1,
                  "flags": 8,
                  "kind": 165,
                  "localSymbol": undefined,
                  "locals": undefined,
                  "modifierFlagsCache": 0,
                  "modifiers": Array [
                    TokenObject {
                      "end": -1,
                      "flags": 8,
                      "kind": 144,
                      "modifierFlagsCache": 0,
                      "parent": undefined,
                      "pos": -1,
                      "transformFlags": 1,
                    },
                  ],
                  "name": IdentifierObject {
                    "end": -1,
                    "escapedText": "data2",
                    "flags": 8,
                    "kind": 79,
                    "modifierFlagsCache": 0,
                    "originalKeywordKind": undefined,
                    "parent": undefined,
                    "pos": -1,
                    "transformFlags": 0,
                  },
                  "nextContainer": undefined,
                  "parent": undefined,
                  "pos": -1,
                  "questionToken": undefined,
                  "symbol": undefined,
                  "transformFlags": 1,
                  "type": TokenObject {
                    "end": -1,
                    "flags": 8,
                    "kind": 149,
                    "modifierFlagsCache": 0,
                    "parent": undefined,
                    "pos": -1,
                    "transformFlags": 1,
                  },
                },
              ],
              "modifierFlagsCache": 0,
              "parent": undefined,
              "pos": -1,
              "transformFlags": 1,
            },
            true,
          ],
        },
        "position": Array [
          29,
          4,
        ],
        "tags": Map {},
        "type": "key",
        "value": "{{x.data2}}",
        "value_position": Array [
          29,
          24,
        ],
      },
    },
  },
  "root": Object {
    "items": Map {
      "normal" => Object {
        "interpolations": Map {},
        "position": Array [
          3,
          4,
        ],
        "tags": Map {},
        "type": "key",
        "value": "this is a normal key",
        "value_position": Array [
          3,
          14,
        ],
      },
      "introprolation" => Object {
        "interpolations": Map {
          "firstName" => Array [
            Array [
              5,
              30,
            ],
            TokenObject {
              "end": -1,
              "flags": 8,
              "kind": 149,
              "modifierFlagsCache": 0,
              "parent": undefined,
              "pos": -1,
              "transformFlags": 1,
            },
            true,
          ],
        },
        "position": Array [
          5,
          4,
        ],
        "tags": Map {},
        "type": "key",
        "value": "I am {{firstName}}",
        "value_position": Array [
          5,
          22,
        ],
      },
      "introprolationsSimple" => Object {
        "interpolations": Map {
          "firstName" => Array [
            Array [
              6,
              37,
            ],
            TokenObject {
              "end": -1,
              "flags": 8,
              "kind": 149,
              "modifierFlagsCache": 0,
              "parent": undefined,
              "pos": -1,
              "transformFlags": 1,
            },
            true,
          ],
          "lastName" => Array [
            Array [
              6,
              51,
            ],
            TokenObject {
              "end": -1,
              "flags": 8,
              "kind": 149,
              "modifierFlagsCache": 0,
              "parent": undefined,
              "pos": -1,
              "transformFlags": 1,
            },
            true,
          ],
        },
        "position": Array [
          6,
          4,
        ],
        "tags": Map {},
        "type": "key",
        "value": "I am {{firstName}} {{lastName}}",
        "value_position": Array [
          6,
          29,
        ],
      },
      "introprolationsComplex" => Object {
        "interpolations": Map {
          "author" => Array [
            Array [
              7,
              38,
            ],
            NodeObject {
              "end": -1,
              "flags": 8,
              "kind": 181,
              "members": Array [
                NodeObject {
                  "decorators": undefined,
                  "end": -1,
                  "flags": 8,
                  "kind": 165,
                  "localSymbol": undefined,
                  "locals": undefined,
                  "modifierFlagsCache": 0,
                  "modifiers": Array [
                    TokenObject {
                      "end": -1,
                      "flags": 8,
                      "kind": 144,
                      "modifierFlagsCache": 0,
                      "parent": undefined,
                      "pos": -1,
                      "transformFlags": 1,
                    },
                  ],
                  "name": IdentifierObject {
                    "end": -1,
                    "escapedText": "name",
                    "flags": 8,
                    "kind": 79,
                    "modifierFlagsCache": 0,
                    "originalKeywordKind": undefined,
                    "parent": undefined,
                    "pos": -1,
                    "transformFlags": 0,
                  },
                  "nextContainer": undefined,
                  "parent": undefined,
                  "pos": -1,
                  "questionToken": undefined,
                  "symbol": undefined,
                  "transformFlags": 1,
                  "type": NodeObject {
                    "end": -1,
                    "flags": 8,
                    "kind": 177,
                    "modifierFlagsCache": 0,
                    "parent": undefined,
                    "pos": -1,
                    "transformFlags": 1,
                    "typeArguments": Array [
                      NodeObject {
                        "end": -1,
                        "flags": 8,
                        "kind": 181,
                        "members": Array [
                          NodeObject {
                            "decorators": undefined,
                            "end": -1,
                            "flags": 8,
                            "kind": 165,
                            "localSymbol": undefined,
                            "locals": undefined,
                            "modifierFlagsCache": 0,
                            "modifiers": undefined,
                            "name": IdentifierObject {
                              "end": -1,
                              "escapedText": "first",
                              "flags": 8,
                              "kind": 79,
                              "modifierFlagsCache": 0,
                              "originalKeywordKind": undefined,
                              "parent": undefined,
                              "pos": -1,
                              "transformFlags": 0,
                            },
                            "nextContainer": undefined,
                            "parent": undefined,
                            "pos": -1,
                            "questionToken": undefined,
                            "symbol": undefined,
                            "transformFlags": 1,
                            "type": TokenObject {
                              "end": -1,
                              "flags": 8,
                              "kind": 149,
                              "modifierFlagsCache": 0,
                              "parent": undefined,
                              "pos": -1,
                              "transformFlags": 1,
                            },
                          },
                          NodeObject {
                            "decorators": undefined,
                            "end": -1,
                            "flags": 8,
                            "kind": 165,
                            "localSymbol": undefined,
                            "locals": undefined,
                            "modifierFlagsCache": 0,
                            "modifiers": undefined,
                            "name": IdentifierObject {
                              "end": -1,
                              "escapedText": "last",
                              "flags": 8,
                              "kind": 79,
                              "modifierFlagsCache": 0,
                              "originalKeywordKind": undefined,
                              "parent": undefined,
                              "pos": -1,
                              "transformFlags": 0,
                            },
                            "nextContainer": undefined,
                            "parent": undefined,
                            "pos": -1,
                            "questionToken": undefined,
                            "symbol": undefined,
                            "transformFlags": 1,
                            "type": TokenObject {
                              "end": -1,
                              "flags": 8,
                              "kind": 149,
                              "modifierFlagsCache": 0,
                              "parent": undefined,
                              "pos": -1,
                              "transformFlags": 1,
                            },
                          },
                        ],
                        "modifierFlagsCache": 0,
                        "parent": undefined,
                        "pos": -1,
                        "transformFlags": 1,
                      },
                    ],
                    "typeName": IdentifierObject {
                      "end": -1,
                      "escapedText": "Readonly",
                      "flags": 8,
                      "kind": 79,
                      "modifierFlagsCache": 0,
                      "originalKeywordKind": undefined,
                      "parent": undefined,
                      "pos": -1,
                      "transformFlags": 0,
                    },
                  },
                },
              ],
              "modifierFlagsCache": 0,
              "parent": undefined,
              "pos": -1,
              "transformFlags": 1,
            },
            true,
          ],
        },
        "position": Array [
          7,
          4,
        ],
        "tags": Map {},
        "type": "key",
        "value": "I am {{author.name.first}} {{author.name.last}}",
        "value_position": Array [
          7,
          30,
        ],
      },
      "introprolationsMixed" => Object {
        "interpolations": Map {
          "author" => Array [
            Array [
              8,
              36,
            ],
            NodeObject {
              "end": -1,
              "flags": 8,
              "kind": 187,
              "modifierFlagsCache": 0,
              "parent": undefined,
              "pos": -1,
              "transformFlags": 1,
              "types": Array [
                TokenObject {
                  "end": -1,
                  "flags": 8,
                  "kind": 149,
                  "modifierFlagsCache": 0,
                  "parent": undefined,
                  "pos": -1,
                  "transformFlags": 1,
                },
                NodeObject {
                  "end": -1,
                  "flags": 8,
                  "kind": 181,
                  "members": Array [
                    NodeObject {
                      "decorators": undefined,
                      "end": -1,
                      "flags": 8,
                      "kind": 165,
                      "localSymbol": undefined,
                      "locals": undefined,
                      "modifierFlagsCache": 0,
                      "modifiers": Array [
                        TokenObject {
                          "end": -1,
                          "flags": 8,
                          "kind": 144,
                          "modifierFlagsCache": 0,
                          "parent": undefined,
                          "pos": -1,
                          "transformFlags": 1,
                        },
                      ],
                      "name": IdentifierObject {
                        "end": -1,
                        "escapedText": "name",
                        "flags": 8,
                        "kind": 79,
                        "modifierFlagsCache": 0,
                        "originalKeywordKind": undefined,
                        "parent": undefined,
                        "pos": -1,
                        "transformFlags": 0,
                      },
                      "nextContainer": undefined,
                      "parent": undefined,
                      "pos": -1,
                      "questionToken": undefined,
                      "symbol": undefined,
                      "transformFlags": 1,
                      "type": TokenObject {
                        "end": -1,
                        "flags": 8,
                        "kind": 149,
                        "modifierFlagsCache": 0,
                        "parent": undefined,
                        "pos": -1,
                        "transformFlags": 1,
                      },
                    },
                  ],
                  "modifierFlagsCache": 0,
                  "parent": undefined,
                  "pos": -1,
                  "transformFlags": 1,
                },
              ],
            },
            true,
          ],
        },
        "position": Array [
          8,
          4,
        ],
        "tags": Map {},
        "type": "key",
        "value": "I am {{author.name}} {{author}}",
        "value_position": Array [
          8,
          28,
        ],
      },
      "unescaped" => Object {
        "interpolations": Map {
          "var" => Array [
            Array [
              10,
              31,
            ],
            TokenObject {
              "end": -1,
              "flags": 8,
              "kind": 149,
              "modifierFlagsCache": 0,
              "parent": undefined,
              "pos": -1,
              "transformFlags": 1,
            },
            true,
          ],
        },
        "position": Array [
          10,
          4,
        ],
        "tags": Map {},
        "type": "key",
        "value": "dangerous {{- var}}",
        "value_position": Array [
          10,
          17,
        ],
      },
      "formattedNumber" => Object {
        "interpolations": Map {
          "date" => Array [
            Array [
              12,
              40,
            ],
            NodeObject {
              "end": -1,
              "flags": 8,
              "kind": 186,
              "modifierFlagsCache": 0,
              "parent": undefined,
              "pos": -1,
              "transformFlags": 1,
              "types": Array [
                TokenObject {
                  "end": -1,
                  "flags": 8,
                  "kind": 149,
                  "modifierFlagsCache": 0,
                  "parent": undefined,
                  "pos": -1,
                  "transformFlags": 1,
                },
                TokenObject {
                  "end": -1,
                  "flags": 8,
                  "kind": 146,
                  "modifierFlagsCache": 0,
                  "parent": undefined,
                  "pos": -1,
                  "transformFlags": 1,
                },
                TokenObject {
                  "end": -1,
                  "flags": 8,
                  "kind": 157,
                  "modifierFlagsCache": 0,
                  "parent": undefined,
                  "pos": -1,
                  "transformFlags": 1,
                },
              ],
            },
            true,
          ],
        },
        "position": Array [
          12,
          4,
        ],
        "tags": Map {},
        "type": "key",
        "value": "The number is {{date, number}}",
        "value_position": Array [
          12,
          23,
        ],
      },
      "formattedDate" => Object {
        "interpolations": Map {
          "date" => Array [
            Array [
              13,
              44,
            ],
            NodeObject {
              "end": -1,
              "flags": 8,
              "kind": 177,
              "modifierFlagsCache": 0,
              "parent": undefined,
              "pos": -1,
              "transformFlags": 1,
              "typeArguments": undefined,
              "typeName": IdentifierObject {
                "end": -1,
                "escapedText": "Date",
                "flags": 8,
                "kind": 79,
                "modifierFlagsCache": 0,
                "originalKeywordKind": undefined,
                "parent": undefined,
                "pos": -1,
                "transformFlags": 0,
              },
            },
            true,
          ],
        },
        "position": Array [
          13,
          4,
        ],
        "tags": Map {},
        "type": "key",
        "value": "The current date is {{date, datetime}}",
        "value_position": Array [
          13,
          21,
        ],
      },
      "formattedDate2" => Object {
        "interpolations": Map {
          "val" => Array [
            Array [
              14,
              31,
            ],
            NodeObject {
              "end": -1,
              "flags": 8,
              "kind": 186,
              "modifierFlagsCache": 0,
              "parent": undefined,
              "pos": -1,
              "transformFlags": 1,
              "types": Array [
                TokenObject {
                  "end": -1,
                  "flags": 8,
                  "kind": 149,
                  "modifierFlagsCache": 0,
                  "parent": undefined,
                  "pos": -1,
                  "transformFlags": 1,
                },
                TokenObject {
                  "end": -1,
                  "flags": 8,
                  "kind": 146,
                  "modifierFlagsCache": 0,
                  "parent": undefined,
                  "pos": -1,
                  "transformFlags": 1,
                },
                TokenObject {
                  "end": -1,
                  "flags": 8,
                  "kind": 157,
                  "modifierFlagsCache": 0,
                  "parent": undefined,
                  "pos": -1,
                  "transformFlags": 1,
                },
              ],
            },
            true,
          ],
        },
        "position": Array [
          14,
          4,
        ],
        "tags": Map {},
        "type": "key",
        "value": "Lorem {{val, relativetime(quarter)}}",
        "value_position": Array [
          14,
          22,
        ],
      },
      "formattedCurrency" => Object {
        "interpolations": Map {
          "date" => Array [
            Array [
              15,
              37,
            ],
            NodeObject {
              "end": -1,
              "flags": 8,
              "kind": 186,
              "modifierFlagsCache": 0,
              "parent": undefined,
              "pos": -1,
              "transformFlags": 1,
              "types": Array [
                TokenObject {
                  "end": -1,
                  "flags": 8,
                  "kind": 149,
                  "modifierFlagsCache": 0,
                  "parent": undefined,
                  "pos": -1,
                  "transformFlags": 1,
                },
                TokenObject {
                  "end": -1,
                  "flags": 8,
                  "kind": 146,
                  "modifierFlagsCache": 0,
                  "parent": undefined,
                  "pos": -1,
                  "transformFlags": 1,
                },
                TokenObject {
                  "end": -1,
                  "flags": 8,
                  "kind": 157,
                  "modifierFlagsCache": 0,
                  "parent": undefined,
                  "pos": -1,
                  "transformFlags": 1,
                },
              ],
            },
            true,
          ],
        },
        "position": Array [
          15,
          4,
        ],
        "tags": Map {},
        "type": "key",
        "value": "It costs {{date, currency(USD)}}",
        "value_position": Array [
          15,
          25,
        ],
      },
      "formattedList" => Object {
        "interpolations": Map {
          "val" => Array [
            Array [
              16,
              34,
            ],
            NodeObject {
              "end": -1,
              "flags": 8,
              "kind": 192,
              "modifierFlagsCache": 0,
              "operator": 144,
              "parent": undefined,
              "pos": -1,
              "transformFlags": 1,
              "type": NodeObject {
                "elementType": TokenObject {
                  "end": -1,
                  "flags": 8,
                  "kind": 149,
                  "modifierFlagsCache": 0,
                  "parent": undefined,
                  "pos": -1,
                  "transformFlags": 1,
                },
                "end": -1,
                "flags": 8,
                "kind": 182,
                "modifierFlagsCache": 0,
                "parent": undefined,
                "pos": -1,
                "transformFlags": 1,
              },
            },
            true,
          ],
        },
        "position": Array [
          16,
          4,
        ],
        "tags": Map {},
        "type": "key",
        "value": "A list of {{val, list}}",
        "value_position": Array [
          16,
          21,
        ],
      },
      "htmlTag" => Object {
        "interpolations": Map {},
        "position": Array [
          18,
          4,
        ],
        "tags": Map {
          "i" => Array [
            18,
            17,
          ],
        },
        "type": "key",
        "value": "<i>hi</i>",
        "value_position": Array [
          18,
          15,
        ],
      },
      "box_zero" => Object {
        "interpolations": Map {},
        "position": Array [
          20,
          4,
        ],
        "tags": Map {},
        "type": "key",
        "value": "No box",
        "value_position": Array [
          20,
          16,
        ],
      },
      "box_one" => Object {
        "interpolations": Map {},
        "position": Array [
          21,
          4,
        ],
        "tags": Map {},
        "type": "key",
        "value": "1 box",
        "value_position": Array [
          21,
          15,
        ],
      },
      "box_other" => Object {
        "interpolations": Map {
          "count" => Array [
            Array [
              22,
              20,
            ],
            TokenObject {
              "end": -1,
              "flags": 8,
              "kind": 149,
              "modifierFlagsCache": 0,
              "parent": undefined,
              "pos": -1,
              "transformFlags": 1,
            },
            true,
          ],
        },
        "position": Array [
          22,
          4,
        ],
        "tags": Map {},
        "type": "key",
        "value": "{{count}} boxes",
        "value_position": Array [
          22,
          17,
        ],
      },
      "box_orange_one" => Object {
        "interpolations": Map {},
        "position": Array [
          23,
          4,
        ],
        "tags": Map {},
        "type": "key",
        "value": "1 orange box",
        "value_position": Array [
          23,
          22,
        ],
      },
      "box_orange_other" => Object {
        "interpolations": Map {
          "count" => Array [
            Array [
              24,
              27,
            ],
            TokenObject {
              "end": -1,
              "flags": 8,
              "kind": 149,
              "modifierFlagsCache": 0,
              "parent": undefined,
              "pos": -1,
              "transformFlags": 1,
            },
            true,
          ],
        },
        "position": Array [
          24,
          4,
        ],
        "tags": Map {},
        "type": "key",
        "value": "{{count}} orange boxes",
        "value_position": Array [
          24,
          24,
        ],
      },
      "box_blue_one" => Object {
        "interpolations": Map {},
        "position": Array [
          25,
          4,
        ],
        "tags": Map {},
        "type": "key",
        "value": "1 blue box",
        "value_position": Array [
          25,
          20,
        ],
      },
      "box_blue_other" => Object {
        "interpolations": Map {
          "count" => Array [
            Array [
              26,
              25,
            ],
            TokenObject {
              "end": -1,
              "flags": 8,
              "kind": 149,
              "modifierFlagsCache": 0,
              "parent": undefined,
              "pos": -1,
              "transformFlags": 1,
            },
            true,
          ],
        },
        "position": Array [
          26,
          4,
        ],
        "tags": Map {},
        "type": "key",
        "value": "{{count}} blue boxes",
        "value_position": Array [
          26,
          22,
        ],
      },
      "mergeProps" => Object {
        "interpolations": Map {
          "x" => Array [
            Array [
              28,
              21,
            ],
            NodeObject {
              "end": -1,
              "flags": 8,
              "kind": 181,
              "members": Array [
                NodeObject {
                  "decorators": undefined,
                  "end": -1,
                  "flags": 8,
                  "kind": 165,
                  "localSymbol": undefined,
                  "locals": undefined,
                  "modifierFlagsCache": 0,
                  "modifiers": Array [
                    TokenObject {
                      "end": -1,
                      "flags": 8,
                      "kind": 144,
                      "modifierFlagsCache": 0,
                      "parent": undefined,
                      "pos": -1,
                      "transformFlags": 1,
                    },
                  ],
                  "name": IdentifierObject {
                    "end": -1,
                    "escapedText": "data",
                    "flags": 8,
                    "kind": 79,
                    "modifierFlagsCache": 0,
                    "originalKeywordKind": undefined,
                    "parent": undefined,
                    "pos": -1,
                    "transformFlags": 0,
                  },
                  "nextContainer": undefined,
                  "parent": undefined,
                  "pos": -1,
                  "questionToken": undefined,
                  "symbol": undefined,
                  "transformFlags": 1,
                  "type": TokenObject {
                    "end": -1,
                    "flags": 8,
                    "kind": 149,
                    "modifierFlagsCache": 0,
                    "parent": undefined,
                    "pos": -1,
                    "transformFlags": 1,
                  },
                },
              ],
              "modifierFlagsCache": 0,
              "parent": undefined,
              "pos": -1,
              "transformFlags": 1,
            },
            true,
          ],
        },
        "position": Array [
          28,
          4,
        ],
        "tags": Map {},
        "type": "key",
        "value": "{{x.data}}",
        "value_position": Array [
          28,
          18,
        ],
      },
      "mergeProps_other" => Object {
        "interpolations": Map {
          "x" => Array [
            Array [
              29,
              27,
            ],
            NodeObject {
              "end": -1,
              "flags": 8,
              "kind": 181,
              "members": Array [
                NodeObject {
                  "decorators": undefined,
                  "end": -1,
                  "flags": 8,
                  "kind": 165,
                  "localSymbol": undefined,
                  "locals": undefined,
                  "modifierFlagsCache": 0,
                  "modifiers": Array [
                    TokenObject {
                      "end": -1,
                      "flags": 8,
                      "kind": 144,
                      "modifierFlagsCache": 0,
                      "parent": undefined,
                      "pos": -1,
                      "transformFlags": 1,
                    },
                  ],
                  "name": IdentifierObject {
                    "end": -1,
                    "escapedText": "data2",
                    "flags": 8,
                    "kind": 79,
                    "modifierFlagsCache": 0,
                    "originalKeywordKind": undefined,
                    "parent": undefined,
                    "pos": -1,
                    "transformFlags": 0,
                  },
                  "nextContainer": undefined,
                  "parent": undefined,
                  "pos": -1,
                  "questionToken": undefined,
                  "symbol": undefined,
                  "transformFlags": 1,
                  "type": TokenObject {
                    "end": -1,
                    "flags": 8,
                    "kind": 149,
                    "modifierFlagsCache": 0,
                    "parent": undefined,
                    "pos": -1,
                    "transformFlags": 1,
                  },
                },
              ],
              "modifierFlagsCache": 0,
              "parent": undefined,
              "pos": -1,
              "transformFlags": 1,
            },
            true,
          ],
        },
        "position": Array [
          29,
          4,
        ],
        "tags": Map {},
        "type": "key",
        "value": "{{x.data2}}",
        "value_position": Array [
          29,
          24,
        ],
      },
    },
    "position": Array [
      0,
      0,
    ],
    "type": "object",
  },
  "variantList": Map {
    "normal" => Array [
      Array [
        "normal",
        "this is a normal key",
      ],
    ],
    "introprolation" => Array [
      Array [
        "introprolation",
        "I am {{firstName}}",
      ],
    ],
    "introprolationsSimple" => Array [
      Array [
        "introprolationsSimple",
        "I am {{firstName}} {{lastName}}",
      ],
    ],
    "introprolationsComplex" => Array [
      Array [
        "introprolationsComplex",
        "I am {{author.name.first}} {{author.name.last}}",
      ],
    ],
    "introprolationsMixed" => Array [
      Array [
        "introprolationsMixed",
        "I am {{author.name}} {{author}}",
      ],
    ],
    "unescaped" => Array [
      Array [
        "unescaped",
        "dangerous {{- var}}",
      ],
    ],
    "formattedNumber" => Array [
      Array [
        "formattedNumber",
        "The number is {{date, number}}",
      ],
    ],
    "formattedDate" => Array [
      Array [
        "formattedDate",
        "The current date is {{date, datetime}}",
      ],
    ],
    "formattedDate2" => Array [
      Array [
        "formattedDate2",
        "Lorem {{val, relativetime(quarter)}}",
      ],
    ],
    "formattedCurrency" => Array [
      Array [
        "formattedCurrency",
        "It costs {{date, currency(USD)}}",
      ],
    ],
    "formattedList" => Array [
      Array [
        "formattedList",
        "A list of {{val, list}}",
      ],
    ],
    "htmlTag" => Array [
      Array [
        "htmlTag",
        "<i>hi</i>",
      ],
    ],
    "box" => Array [
      Array [
        "box_zero",
        "No box",
      ],
      Array [
        "box_one",
        "1 box",
      ],
      Array [
        "box_other",
        "{{count}} boxes",
      ],
      Array [
        "box_orange_one",
        "1 orange box",
      ],
      Array [
        "box_orange_other",
        "{{count}} orange boxes",
      ],
      Array [
        "box_blue_one",
        "1 blue box",
      ],
      Array [
        "box_blue_other",
        "{{count}} blue boxes",
      ],
    ],
    "mergeProps" => Array [
      Array [
        "mergeProps",
        "{{x.data}}",
      ],
      Array [
        "mergeProps_other",
        "{{x.data2}}",
      ],
    ],
  },
}
`;
