// Vitest Snapshot v1, https://vitest.dev/guide/snapshot.html

exports[`should parse i18next format correctly 1`] = `
{
  "diagnostics": [],
  "filename": "input.json",
  "members": [],
  "namespaces": [
    TranslateSymbol {
      "contributed_by": "input.json",
      "members": Map {
        "normal" => [
          TranslateSymbol {
            "contributed_by": "input.json",
            "members": Map {},
            "name": "normal",
            "namespace": Map {},
            "node": PropertyAssignment { ... },
            "references": [],
            "slots": [],
            "string": "this is a normal key",
            "tags": [],
            Symbol(Symbol.toStringTag): "Symbol (normal)",
          },
        ],
        "introprolation" => [
          TranslateSymbol {
            "contributed_by": "input.json",
            "members": Map {},
            "name": "introprolation",
            "namespace": Map {},
            "node": PropertyAssignment { ... },
            "references": [],
            "slots": [
              TranslateSlot {
                "key": [
                  "firstName",
                ],
                "type": "string",
              },
            ],
            "string": "I am {{firstName}}",
            "tags": [],
            Symbol(Symbol.toStringTag): "Symbol (introprolation)",
          },
        ],
        "introprolationsSimple" => [
          TranslateSymbol {
            "contributed_by": "input.json",
            "members": Map {},
            "name": "introprolationsSimple",
            "namespace": Map {},
            "node": PropertyAssignment { ... },
            "references": [],
            "slots": [
              TranslateSlot {
                "key": [
                  "firstName",
                ],
                "type": "string",
              },
              TranslateSlot {
                "key": [
                  "lastName",
                ],
                "type": "string",
              },
            ],
            "string": "I am {{firstName}} {{lastName}}",
            "tags": [],
            Symbol(Symbol.toStringTag): "Symbol (introprolationsSimple)",
          },
        ],
        "introprolationsComplex" => [
          TranslateSymbol {
            "contributed_by": "input.json",
            "members": Map {},
            "name": "introprolationsComplex",
            "namespace": Map {},
            "node": PropertyAssignment { ... },
            "references": [],
            "slots": [
              TranslateSlot {
                "key": [
                  "author",
                  "name",
                  "first",
                ],
                "type": "string",
              },
              TranslateSlot {
                "key": [
                  "author",
                  "name",
                  "last",
                ],
                "type": "string",
              },
            ],
            "string": "I am {{author.name.first}} {{author.name.last}}",
            "tags": [],
            Symbol(Symbol.toStringTag): "Symbol (introprolationsComplex)",
          },
        ],
        "introprolationsMixed" => [
          TranslateSymbol {
            "contributed_by": "input.json",
            "members": Map {},
            "name": "introprolationsMixed",
            "namespace": Map {},
            "node": PropertyAssignment { ... },
            "references": [],
            "slots": [
              TranslateSlot {
                "key": [
                  "author",
                  "name",
                ],
                "type": "string",
              },
              TranslateSlot {
                "key": [
                  "author",
                ],
                "type": "string",
              },
            ],
            "string": "I am {{author.name}} {{author}}",
            "tags": [],
            Symbol(Symbol.toStringTag): "Symbol (introprolationsMixed)",
          },
        ],
        "unescaped" => [
          TranslateSymbol {
            "contributed_by": "input.json",
            "members": Map {},
            "name": "unescaped",
            "namespace": Map {},
            "node": PropertyAssignment { ... },
            "references": [],
            "slots": [
              TranslateSlot {
                "key": [
                  "var",
                ],
                "type": "string",
              },
            ],
            "string": "dangerous {{- var}}",
            "tags": [],
            Symbol(Symbol.toStringTag): "Symbol (unescaped)",
          },
        ],
        "formattedNumber" => [
          TranslateSymbol {
            "contributed_by": "input.json",
            "members": Map {},
            "name": "formattedNumber",
            "namespace": Map {},
            "node": PropertyAssignment { ... },
            "references": [],
            "slots": [
              TranslateSlot {
                "key": [
                  "date",
                ],
                "type": "string | number | bigint",
              },
            ],
            "string": "The number is {{date, number}}",
            "tags": [],
            Symbol(Symbol.toStringTag): "Symbol (formattedNumber)",
          },
        ],
        "formattedDate" => [
          TranslateSymbol {
            "contributed_by": "input.json",
            "members": Map {},
            "name": "formattedDate",
            "namespace": Map {},
            "node": PropertyAssignment { ... },
            "references": [],
            "slots": [
              TranslateSlot {
                "key": [
                  "date",
                ],
                "type": "Date",
              },
            ],
            "string": "The current date is {{date, datetime}}",
            "tags": [],
            Symbol(Symbol.toStringTag): "Symbol (formattedDate)",
          },
        ],
        "formattedDate2" => [
          TranslateSymbol {
            "contributed_by": "input.json",
            "members": Map {},
            "name": "formattedDate2",
            "namespace": Map {},
            "node": PropertyAssignment { ... },
            "references": [],
            "slots": [
              TranslateSlot {
                "key": [
                  "val",
                ],
                "type": "string | number | bigint",
              },
            ],
            "string": "Lorem {{val, relativetime(quarter)}}",
            "tags": [],
            Symbol(Symbol.toStringTag): "Symbol (formattedDate2)",
          },
        ],
        "formattedCurrency" => [
          TranslateSymbol {
            "contributed_by": "input.json",
            "members": Map {},
            "name": "formattedCurrency",
            "namespace": Map {},
            "node": PropertyAssignment { ... },
            "references": [],
            "slots": [
              TranslateSlot {
                "key": [
                  "date",
                ],
                "type": "string | number | bigint",
              },
            ],
            "string": "It costs {{date, currency(USD)}}",
            "tags": [],
            Symbol(Symbol.toStringTag): "Symbol (formattedCurrency)",
          },
        ],
        "formattedList" => [
          TranslateSymbol {
            "contributed_by": "input.json",
            "members": Map {},
            "name": "formattedList",
            "namespace": Map {},
            "node": PropertyAssignment { ... },
            "references": [],
            "slots": [
              TranslateSlot {
                "key": [
                  "val",
                ],
                "type": "readonly unknown[]",
              },
            ],
            "string": "A list of {{val, list}}",
            "tags": [],
            Symbol(Symbol.toStringTag): "Symbol (formattedList)",
          },
        ],
        "htmlTag" => [
          TranslateSymbol {
            "contributed_by": "input.json",
            "members": Map {},
            "name": "htmlTag",
            "namespace": Map {},
            "node": PropertyAssignment { ... },
            "references": [],
            "slots": [],
            "string": "<i>hi</i>",
            "tags": [
              "i",
            ],
            Symbol(Symbol.toStringTag): "Symbol (htmlTag)",
          },
        ],
        "box_zero" => [
          TranslateSymbol {
            "contributed_by": "input.json",
            "members": Map {},
            "name": "box_zero",
            "namespace": Map {},
            "node": PropertyAssignment { ... },
            "references": [],
            "slots": [],
            "string": "No box",
            "tags": [],
            Symbol(Symbol.toStringTag): "Symbol (box_zero)",
          },
        ],
        "box" => [
          TranslateSymbol {
            "contributed_by": "input.json",
            "members": Map {},
            "name": "box",
            "namespace": Map {},
            "node": PropertyAssignment { ... },
            "plural_symbol": [
              TranslateSymbol {
                "contributed_by": "input.json",
                "members": Map {},
                "name": "box_zero",
                "namespace": Map {},
                "node": PropertyAssignment { ... },
                "references": [],
                "slots": [],
                "string": "No box",
                "tags": [],
                Symbol(Symbol.toStringTag): "Symbol (box_zero)",
              },
              "zero",
            ],
            "references": [],
            "slots": [],
            "tags": [],
            Symbol(Symbol.toStringTag): "Symbol (box (from box_zero))",
          },
          TranslateSymbol {
            "contributed_by": "input.json",
            "members": Map {},
            "name": "box",
            "namespace": Map {},
            "node": PropertyAssignment { ... },
            "plural_symbol": [
              TranslateSymbol {
                "contributed_by": "input.json",
                "members": Map {},
                "name": "box_one",
                "namespace": Map {},
                "node": PropertyAssignment { ... },
                "references": [],
                "slots": [],
                "string": "1 box",
                "tags": [],
                Symbol(Symbol.toStringTag): "Symbol (box_one)",
              },
              "one",
            ],
            "references": [],
            "slots": [],
            "tags": [],
            Symbol(Symbol.toStringTag): "Symbol (box (from box_one))",
          },
          TranslateSymbol {
            "contributed_by": "input.json",
            "members": Map {},
            "name": "box",
            "namespace": Map {},
            "node": PropertyAssignment { ... },
            "plural_symbol": [
              TranslateSymbol {
                "contributed_by": "input.json",
                "members": Map {},
                "name": "box_other",
                "namespace": Map {},
                "node": PropertyAssignment { ... },
                "references": [],
                "slots": [
                  TranslateSlot {
                    "key": [
                      "count",
                    ],
                    "type": "string",
                  },
                ],
                "string": "{{count}} boxes",
                "tags": [],
                Symbol(Symbol.toStringTag): "Symbol (box_other)",
              },
              "other",
            ],
            "references": [],
            "slots": [
              TranslateSlot {
                "key": [
                  "count",
                ],
                "type": "string",
              },
            ],
            "tags": [],
            Symbol(Symbol.toStringTag): "Symbol (box (from box_other))",
          },
          TranslateSymbol {
            "contextual_symbol": [
              TranslateSymbol {
                "contributed_by": "input.json",
                "members": Map {},
                "name": "box_orange_one",
                "namespace": Map {},
                "node": PropertyAssignment { ... },
                "references": [],
                "slots": [],
                "string": "1 orange box",
                "tags": [],
                Symbol(Symbol.toStringTag): "Symbol (box_orange_one)",
              },
              "orange",
            ],
            "contributed_by": "input.json",
            "members": Map {},
            "name": "box",
            "namespace": Map {},
            "node": PropertyAssignment { ... },
            "plural_symbol": [
              TranslateSymbol {
                "contributed_by": "input.json",
                "members": Map {},
                "name": "box_orange_one",
                "namespace": Map {},
                "node": PropertyAssignment { ... },
                "references": [],
                "slots": [],
                "string": "1 orange box",
                "tags": [],
                Symbol(Symbol.toStringTag): "Symbol (box_orange_one)",
              },
              "one",
            ],
            "references": [],
            "slots": [],
            "tags": [],
            Symbol(Symbol.toStringTag): "Symbol (box (from box_orange_one))",
          },
          TranslateSymbol {
            "contextual_symbol": [
              TranslateSymbol {
                "contributed_by": "input.json",
                "members": Map {},
                "name": "box_orange_other",
                "namespace": Map {},
                "node": PropertyAssignment { ... },
                "references": [],
                "slots": [
                  TranslateSlot {
                    "key": [
                      "count",
                    ],
                    "type": "string",
                  },
                ],
                "string": "{{count}} orange boxes",
                "tags": [],
                Symbol(Symbol.toStringTag): "Symbol (box_orange_other)",
              },
              "orange",
            ],
            "contributed_by": "input.json",
            "members": Map {},
            "name": "box",
            "namespace": Map {},
            "node": PropertyAssignment { ... },
            "plural_symbol": [
              TranslateSymbol {
                "contributed_by": "input.json",
                "members": Map {},
                "name": "box_orange_other",
                "namespace": Map {},
                "node": PropertyAssignment { ... },
                "references": [],
                "slots": [
                  TranslateSlot {
                    "key": [
                      "count",
                    ],
                    "type": "string",
                  },
                ],
                "string": "{{count}} orange boxes",
                "tags": [],
                Symbol(Symbol.toStringTag): "Symbol (box_orange_other)",
              },
              "other",
            ],
            "references": [],
            "slots": [
              TranslateSlot {
                "key": [
                  "count",
                ],
                "type": "string",
              },
            ],
            "tags": [],
            Symbol(Symbol.toStringTag): "Symbol (box (from box_orange_other))",
          },
          TranslateSymbol {
            "contextual_symbol": [
              TranslateSymbol {
                "contributed_by": "input.json",
                "members": Map {},
                "name": "box_blue_one",
                "namespace": Map {},
                "node": PropertyAssignment { ... },
                "references": [],
                "slots": [],
                "string": "1 blue box",
                "tags": [],
                Symbol(Symbol.toStringTag): "Symbol (box_blue_one)",
              },
              "blue",
            ],
            "contributed_by": "input.json",
            "members": Map {},
            "name": "box",
            "namespace": Map {},
            "node": PropertyAssignment { ... },
            "plural_symbol": [
              TranslateSymbol {
                "contributed_by": "input.json",
                "members": Map {},
                "name": "box_blue_one",
                "namespace": Map {},
                "node": PropertyAssignment { ... },
                "references": [],
                "slots": [],
                "string": "1 blue box",
                "tags": [],
                Symbol(Symbol.toStringTag): "Symbol (box_blue_one)",
              },
              "one",
            ],
            "references": [],
            "slots": [],
            "tags": [],
            Symbol(Symbol.toStringTag): "Symbol (box (from box_blue_one))",
          },
          TranslateSymbol {
            "contextual_symbol": [
              TranslateSymbol {
                "contributed_by": "input.json",
                "members": Map {},
                "name": "box_blue_other",
                "namespace": Map {},
                "node": PropertyAssignment { ... },
                "references": [],
                "slots": [
                  TranslateSlot {
                    "key": [
                      "count",
                    ],
                    "type": "string",
                  },
                ],
                "string": "{{count}} blue boxes",
                "tags": [],
                Symbol(Symbol.toStringTag): "Symbol (box_blue_other)",
              },
              "blue",
            ],
            "contributed_by": "input.json",
            "members": Map {},
            "name": "box",
            "namespace": Map {},
            "node": PropertyAssignment { ... },
            "plural_symbol": [
              TranslateSymbol {
                "contributed_by": "input.json",
                "members": Map {},
                "name": "box_blue_other",
                "namespace": Map {},
                "node": PropertyAssignment { ... },
                "references": [],
                "slots": [
                  TranslateSlot {
                    "key": [
                      "count",
                    ],
                    "type": "string",
                  },
                ],
                "string": "{{count}} blue boxes",
                "tags": [],
                Symbol(Symbol.toStringTag): "Symbol (box_blue_other)",
              },
              "other",
            ],
            "references": [],
            "slots": [
              TranslateSlot {
                "key": [
                  "count",
                ],
                "type": "string",
              },
            ],
            "tags": [],
            Symbol(Symbol.toStringTag): "Symbol (box (from box_blue_other))",
          },
        ],
        "box_one" => [
          TranslateSymbol {
            "contributed_by": "input.json",
            "members": Map {},
            "name": "box_one",
            "namespace": Map {},
            "node": PropertyAssignment { ... },
            "references": [],
            "slots": [],
            "string": "1 box",
            "tags": [],
            Symbol(Symbol.toStringTag): "Symbol (box_one)",
          },
        ],
        "box_other" => [
          TranslateSymbol {
            "contributed_by": "input.json",
            "members": Map {},
            "name": "box_other",
            "namespace": Map {},
            "node": PropertyAssignment { ... },
            "references": [],
            "slots": [
              TranslateSlot {
                "key": [
                  "count",
                ],
                "type": "string",
              },
            ],
            "string": "{{count}} boxes",
            "tags": [],
            Symbol(Symbol.toStringTag): "Symbol (box_other)",
          },
        ],
        "box_orange_one" => [
          TranslateSymbol {
            "contributed_by": "input.json",
            "members": Map {},
            "name": "box_orange_one",
            "namespace": Map {},
            "node": PropertyAssignment { ... },
            "references": [],
            "slots": [],
            "string": "1 orange box",
            "tags": [],
            Symbol(Symbol.toStringTag): "Symbol (box_orange_one)",
          },
        ],
        "box_orange_other" => [
          TranslateSymbol {
            "contributed_by": "input.json",
            "members": Map {},
            "name": "box_orange_other",
            "namespace": Map {},
            "node": PropertyAssignment { ... },
            "references": [],
            "slots": [
              TranslateSlot {
                "key": [
                  "count",
                ],
                "type": "string",
              },
            ],
            "string": "{{count}} orange boxes",
            "tags": [],
            Symbol(Symbol.toStringTag): "Symbol (box_orange_other)",
          },
        ],
        "box_blue_one" => [
          TranslateSymbol {
            "contributed_by": "input.json",
            "members": Map {},
            "name": "box_blue_one",
            "namespace": Map {},
            "node": PropertyAssignment { ... },
            "references": [],
            "slots": [],
            "string": "1 blue box",
            "tags": [],
            Symbol(Symbol.toStringTag): "Symbol (box_blue_one)",
          },
        ],
        "box_blue_other" => [
          TranslateSymbol {
            "contributed_by": "input.json",
            "members": Map {},
            "name": "box_blue_other",
            "namespace": Map {},
            "node": PropertyAssignment { ... },
            "references": [],
            "slots": [
              TranslateSlot {
                "key": [
                  "count",
                ],
                "type": "string",
              },
            ],
            "string": "{{count}} blue boxes",
            "tags": [],
            Symbol(Symbol.toStringTag): "Symbol (box_blue_other)",
          },
        ],
        "mergeProps" => [
          TranslateSymbol {
            "contributed_by": "input.json",
            "members": Map {},
            "name": "mergeProps",
            "namespace": Map {},
            "node": PropertyAssignment { ... },
            "references": [],
            "slots": [
              TranslateSlot {
                "key": [
                  "x",
                  "data",
                ],
                "type": "string",
              },
            ],
            "string": "{{x.data}}",
            "tags": [],
            Symbol(Symbol.toStringTag): "Symbol (mergeProps)",
          },
          TranslateSymbol {
            "contributed_by": "input.json",
            "members": Map {},
            "name": "mergeProps",
            "namespace": Map {},
            "node": PropertyAssignment { ... },
            "plural_symbol": [
              TranslateSymbol {
                "contributed_by": "input.json",
                "members": Map {},
                "name": "mergeProps_other",
                "namespace": Map {},
                "node": PropertyAssignment { ... },
                "references": [],
                "slots": [
                  TranslateSlot {
                    "key": [
                      "x",
                      "data2",
                    ],
                    "type": "string",
                  },
                ],
                "string": "{{x.data2}}",
                "tags": [],
                Symbol(Symbol.toStringTag): "Symbol (mergeProps_other)",
              },
              "other",
            ],
            "references": [],
            "slots": [
              TranslateSlot {
                "key": [
                  "x",
                  "data2",
                ],
                "type": "string",
              },
            ],
            "tags": [],
            Symbol(Symbol.toStringTag): "Symbol (mergeProps (from mergeProps_other))",
          },
        ],
        "mergeProps_other" => [
          TranslateSymbol {
            "contributed_by": "input.json",
            "members": Map {},
            "name": "mergeProps_other",
            "namespace": Map {},
            "node": PropertyAssignment { ... },
            "references": [],
            "slots": [
              TranslateSlot {
                "key": [
                  "x",
                  "data2",
                ],
                "type": "string",
              },
            ],
            "string": "{{x.data2}}",
            "tags": [],
            Symbol(Symbol.toStringTag): "Symbol (mergeProps_other)",
          },
        ],
        "nesting1" => [
          TranslateSymbol {
            "contributed_by": "input.json",
            "members": Map {},
            "name": "nesting1",
            "namespace": Map {},
            "node": PropertyAssignment { ... },
            "references": [
              TranslateReference {
                "bound_slot_names": [],
                "reference": [
                  "common",
                  "normal",
                ],
                "reference_is_namespace": [
                  true,
                  false,
                ],
              },
            ],
            "slots": [],
            "string": "text: $t(common:normal)",
            "tags": [],
            Symbol(Symbol.toStringTag): "Symbol (nesting1)",
          },
        ],
        "girlsAndBoys" => [
          TranslateSymbol {
            "contributed_by": "input.json",
            "members": Map {},
            "name": "girlsAndBoys",
            "namespace": Map {},
            "node": PropertyAssignment { ... },
            "references": [
              TranslateReference {
                "bound_slot_names": [
                  "count",
                ],
                "reference": [
                  "girls",
                ],
                "reference_is_namespace": [
                  false,
                ],
              },
              TranslateReference {
                "bound_slot_names": [
                  "count",
                ],
                "reference": [
                  "boys",
                ],
                "reference_is_namespace": [
                  false,
                ],
              },
            ],
            "slots": [
              TranslateSlot {
                "key": [
                  "girls",
                ],
                "type": "string",
              },
              TranslateSlot {
                "key": [
                  "boys",
                ],
                "type": "string",
              },
            ],
            "string": "They have $t(girls, {\\"count\\": {{girls}} }) and $t(boys, {\\"count\\": {{boys}} })",
            "tags": [],
            Symbol(Symbol.toStringTag): "Symbol (girlsAndBoys)",
          },
        ],
        "boys" => [
          TranslateSymbol {
            "contributed_by": "input.json",
            "members": Map {},
            "name": "boys",
            "namespace": Map {},
            "node": PropertyAssignment { ... },
            "references": [],
            "slots": [
              TranslateSlot {
                "key": [
                  "count",
                ],
                "type": "string",
              },
            ],
            "string": "{{count}} boy",
            "tags": [],
            Symbol(Symbol.toStringTag): "Symbol (boys)",
          },
          TranslateSymbol {
            "contributed_by": "input.json",
            "members": Map {},
            "name": "boys",
            "namespace": Map {},
            "node": PropertyAssignment { ... },
            "plural_symbol": [
              TranslateSymbol {
                "contributed_by": "input.json",
                "members": Map {},
                "name": "boys_other",
                "namespace": Map {},
                "node": PropertyAssignment { ... },
                "references": [],
                "slots": [
                  TranslateSlot {
                    "key": [
                      "count",
                    ],
                    "type": "string",
                  },
                ],
                "string": "{{count}} boys",
                "tags": [],
                Symbol(Symbol.toStringTag): "Symbol (boys_other)",
              },
              "other",
            ],
            "references": [],
            "slots": [
              TranslateSlot {
                "key": [
                  "count",
                ],
                "type": "string",
              },
            ],
            "tags": [],
            Symbol(Symbol.toStringTag): "Symbol (boys (from boys_other))",
          },
        ],
        "boys_other" => [
          TranslateSymbol {
            "contributed_by": "input.json",
            "members": Map {},
            "name": "boys_other",
            "namespace": Map {},
            "node": PropertyAssignment { ... },
            "references": [],
            "slots": [
              TranslateSlot {
                "key": [
                  "count",
                ],
                "type": "string",
              },
            ],
            "string": "{{count}} boys",
            "tags": [],
            Symbol(Symbol.toStringTag): "Symbol (boys_other)",
          },
        ],
        "girls" => [
          TranslateSymbol {
            "contributed_by": "input.json",
            "members": Map {},
            "name": "girls",
            "namespace": Map {},
            "node": PropertyAssignment { ... },
            "references": [],
            "slots": [
              TranslateSlot {
                "key": [
                  "count",
                ],
                "type": "string",
              },
            ],
            "string": "{{count}} girl",
            "tags": [],
            Symbol(Symbol.toStringTag): "Symbol (girls)",
          },
          TranslateSymbol {
            "contributed_by": "input.json",
            "members": Map {},
            "name": "girls",
            "namespace": Map {},
            "node": PropertyAssignment { ... },
            "plural_symbol": [
              TranslateSymbol {
                "contributed_by": "input.json",
                "members": Map {},
                "name": "girls_other",
                "namespace": Map {},
                "node": PropertyAssignment { ... },
                "references": [],
                "slots": [
                  TranslateSlot {
                    "key": [
                      "count",
                    ],
                    "type": "string",
                  },
                ],
                "string": "{{count}} girls",
                "tags": [],
                Symbol(Symbol.toStringTag): "Symbol (girls_other)",
              },
              "other",
            ],
            "references": [],
            "slots": [
              TranslateSlot {
                "key": [
                  "count",
                ],
                "type": "string",
              },
            ],
            "tags": [],
            Symbol(Symbol.toStringTag): "Symbol (girls (from girls_other))",
          },
        ],
        "girls_other" => [
          TranslateSymbol {
            "contributed_by": "input.json",
            "members": Map {},
            "name": "girls_other",
            "namespace": Map {},
            "node": PropertyAssignment { ... },
            "references": [],
            "slots": [
              TranslateSlot {
                "key": [
                  "count",
                ],
                "type": "string",
              },
            ],
            "string": "{{count}} girls",
            "tags": [],
            Symbol(Symbol.toStringTag): "Symbol (girls_other)",
          },
        ],
      },
      "name": "translation",
      "namespace": Map {},
      "node": ObjectLiteralExpression { ... },
      "references": [],
      "slots": [],
      "tags": [],
      Symbol(Symbol.toStringTag): "Symbol (FILE_ROOT)",
    },
  ],
  "source_file": SourceFile { ... },
}
`;
